 #412 Fix the auth retry backoff loop                    3   +42 −7 
 main ← fix-auth-retry         Open · ✗ failing · changes requested 
                                                                     
 Conversation (24)  Commits  Checks (4)  Files (3)                   
                                                                     
╭─Diff──────────────────────────────────────────────────────────────╮
│ internal/gh/client.go                                        +2 −1│
├───────────────────────────────────────────────────────────────────┤
│                                                                   │
│▌       @@ -40,4 +40,5 @@ func New() (*Client, error) {           │
│ 40 40       for {                                                 │
│ 41    −         time.Sleep(delay)                                 │
│    41 +         delay = min(delay*2, fetchTimeout)                │
│    42 +         time.Sleep(delay)                                 │
│   ╭──────────────────────────────────────────────────────────────╮│
│   │ internal/gh/client.go:42                                     ││
│   ├──────────────────────────────────────────────────────────────┤│
│   │ nkr · said · 2h                                              ││
│   │                                                              ││
│   │ This backs off forever.                                      ││
│   ╰──────────────────────────────────────────────────────────────╯│
│   │ ╭────────────────────────────────────────────────────────────╮│
│   ╰─│ octobot · said · 1h                                        ││
╰─────────────────────────────────────────────────────────────15/20─╯
