 #412 Fix the auth retry backoff loop                                                   3   +42 −7 
 main ← fix-auth-retry                                        Open · ✗ failing · changes requested 
                                                                                                    
 Conversation (24)  Commits  Checks (4)  Files (3)                                                  
                                                                                                    
╭─[1]─Files────────────╮╭─[2]─Diff─────────────────────────────────────────────────────────────────╮
│▾ docs/               ││ docs/screenshot.png                                                 +0 −0│
│    screenshot.png    │├──────────────────────────────────────────────────────────────────────────┤
│▾ internal/           ││                                                                          │
│  ▾ gh/               ││ binary, or too large for GitHub to return a diff                         │
│      client.go       ││                                                                          │
│  ▾ store/            ││                                                                          │
│      store.go        ││                                                                          │
│  ▾ tui/prview/       ││                                                                          │
│      files.go        ││                                                                          │
│                      ││                                                                          │
│                      ││                                                                          │
│                      ││                                                                          │
│                      ││                                                                          │
│                      ││                                                                          │
│                      ││                                                                          │
│                      ││                                                                          │
│                      ││                                                                          │
│                      ││                                                                          │
│                      ││                                                                          │
│                      ││                                                                          │
│                      ││                                                                          │
│                      ││                                                                          │
│                      ││                                                                          │
╰──────────────────────╯╰──────────────────────────────────────────────────────────────────────────╯
